// Jest Snapshot v1, https://goo.gl/fbAQLP

exports[`Item.vue renders correctly 1`] = `
<li class="news-item"><span class="score">1</span> <span class="title"><a href="http://dawn.cs.stanford.edu/" target="_blank" rel="noopener">DAWN: Tools for AI and Data Product Development</a> <span class="host"> (cs.stanford.edu)</span></span>
    <br> <span class="meta"><span class="by">
      by <router-link to="/user/spinwang">spinwang</router-link></span> <span class="comments-link">
      | <router-link to="/item/15969539"> comments</router-link></span> <span class="time">
    1 day ago
  </span></span>
    <!---->
</li>
`;
